// Jest Snapshot v1, https://goo.gl/fbAQLP

exports[`StyleSheet/StyleSheetManager getClassName 1`] = `undefined`;

exports[`StyleSheet/StyleSheetManager getStyleSheet 1`] = `
Object {
  "id": "react-native-stylesheet",
  "textContent": "@media all{
html{-ms-text-size-adjust:100%;-webkit-text-size-adjust:100%;-webkit-tap-highlight-color:rgba(0,0,0,0);}
body{margin:0}
button::-moz-focus-inner,input::-moz-focus-inner{border:0;padding:0;}
input::-webkit-inner-spin-button,input::-webkit-outer-spin-button,input::-webkit-search-cancel-button,input::-webkit-search-decoration,input::-webkit-search-results-button,input::-webkit-search-results-decoration{display:none;}
.ui-pressable{cursor:pointer;}
.ui-view{-ms-flex-align: stretch;-webkit-box-align: stretch;-webkit-align-items: stretch;align-items: stretch;border-color: black;border-style: solid;border-width: 0;box-sizing: border-box;display:-webkit-box;display:-moz-box;display:-ms-flexbox;display:-webkit-flex;display:flex;-ms-flex-preferred-size:auto;-webkit-flex-basis:auto;flex-basis: auto;-ms-flex-direction:column;-webkit-box-direction:normal;-webkit-box-orient:vertical;-webkit-flex-direction:column;flex-direction: column;-ms-flex-negative: 0;-webkit-flex-shrink:0;flex-shrink: 0;margin: 0;min-width:0;padding:0;position:relative;z-index:0;background-color:transparent;color:inherit;font:inherit;list-style:none;text-align:inherit;text-decoration:none;}
.ui-text{background-color:transparent;border-width:0;box-sizing:border-box;color:inherit;display:inline;font:inherit;font-family:system-ui, -apple-system, BlinkMacSystemFont, \\"Segoe UI\\", Roboto, Ubuntu, \\"Helvetica Neue\\", sans-serif;font-size:14px;margin:0;padding:0;text-align:inherit;text-decoration:none;white-space:pre-wrap;word-wrap:break-word;}
.ui-textinput{-moz-appearance:textfield;-webkit-appearance:none;background-color:transparent;border-color:black;border-radius:0;border-style:solid;border-width:0;box-sizing:border-box;font-family:system-ui, -apple-system, BlinkMacSystemFont, \\"Segoe UI\\", Roboto, Ubuntu, \\"Helvetica Neue\\", sans-serif;font-size:14px;padding:0;resize:none;}
}
.rn---test-property-ax3bxi{--test-property:test-value}",
}
`;
