// Jest Snapshot v1, https://goo.gl/fbAQLP

exports[`modules/createDOMProps includes "rel" values for "a" elements (to securely open external links) 1`] = `" noopener noreferrer"`;

exports[`modules/createDOMProps includes cursor style for pressable roles 1`] = `undefined`;
